    Finished `test` profile [unoptimized + debuginfo] target(s) in 0.44s
     Running unittests src/lib.rs (target/debug/deps/rustible-22a4fcd4561e31a4)

running 0 tests

test result: ok. 0 passed; 0 failed; 0 ignored; 0 measured; 2907 filtered out; finished in 0.00s
